// Jest Snapshot v1, https://goo.gl/fbAQLP

exports[`Button has defaults 1`] = `
<button
  className="primary"
  onClick={[Function]}
>
  Hello world!
</button>
`;
