// Jest Snapshot v1, https://goo.gl/fbAQLP

exports[`Section renders a section component 1`] = `
<section
  className="outer-section"
>
  <h2
    className="subheading"
  >
    Test Title
  </h2>
</section>
`;
