// Jest Snapshot v1, https://goo.gl/fbAQLP

exports[`LoaderInline has defaults 1`] = `
<div
  className="inlineWrapper"
  data-testid="loader"
>
  <span
    className="inline"
  >
    Loading...
  </span>
</div>
`;
