// Jest Snapshot v1, https://goo.gl/fbAQLP

exports[`src/components/listbox/listbox has defaults 1`] = `
<ul
  className="container"
  onClick={[Function]}
  onFocus={[Function]}
  onKeyDown={[Function]}
  role="listbox"
/>
`;
