// Jest Snapshot v1, https://goo.gl/fbAQLP

exports[`TagList renders a TagList 1`] = `
<div
  onFocus={[Function]}
>
  <span>
    Test Fake Tag
  </span>
</div>
`;
