// Jest Snapshot v1, https://goo.gl/fbAQLP

exports[`Icon has defaults 1`] = `
<svg
  className="icon-base size-medium fill-none color-transparent"
  role="img"
>
  <use
    xlinkHref="#foobar"
  />
</svg>
`;
