// Jest Snapshot v1, https://goo.gl/fbAQLP

exports[`PageHeader has defaults 1`] = `
<header>
  <h1>
    Defaults
  </h1>
</header>
`;
