// Jest Snapshot v1, https://goo.gl/fbAQLP

exports[`CustomFieldInputText has defaults 1`] = `
<div>
  <label
    className="label"
    htmlFor="test-input"
  >
    Test label
  </label>
  <div
    className="control-container"
  >
    <input
      className="input"
      disabled={false}
      id="test-input"
      onBlur={[Function]}
      onChange={[Function]}
      onFocus={[Function]}
      onKeyUp={[Function]}
      readOnly={false}
      required={false}
      type="text"
    />
  </div>
</div>
`;
