// Jest Snapshot v1, https://goo.gl/fbAQLP

exports[`Input has defaults 1`] = `
<input
  className="input"
  id="foo"
  type="text"
/>
`;
