// Jest Snapshot v1, https://goo.gl/fbAQLP

exports[`Popup has defaults 1`] = `null`;
